C51 COMPILER V9.54   MAIN                                                                  01/15/2023 21:43:12 PAGE 1   


C51 COMPILER V9.54, COMPILATION OF MODULE MAIN
OBJECT MODULE PLACED IN .\Objects\main.obj
COMPILER INVOKED BY: C:\Program Files (x86)\keil5\C51\BIN\C51.EXE main.c OPTIMIZE(8,SPEED) BROWSE DEBUG OBJECTEXTEND PRI
                    -NT(.\Listings\main.lst) OBJECT(.\Objects\main.obj)

line level    source

   1          #include <REGX52.H>
   2          #include "Timer0.h"
   3          #include "Key.h"
   4          #include "Nixie.h"
   5          #include "Delay.h"
   6          #include "AT24C02.h"
   7          
   8          unsigned char KeyNum,Min,Sec,MiniSec,RunFlag;
   9          
  10          void main()
  11          {
  12   1              Timer0_Init();
  13   1              while(1)
  14   1              {
  15   2                      KeyNum=Key();
  16   2                      if(KeyNum==1)
  17   2                      {
  18   3                              RunFlag=!RunFlag;
  19   3                      }
  20   2                      if(KeyNum==2)
  21   2                      {
  22   3                              Min=0;
  23   3                              Sec=0;
  24   3                              MiniSec=0;
  25   3                      }
  26   2                      if(KeyNum==3)
  27   2                      {
  28   3                              AT24C02_WriteByte(0,Min);
  29   3                              Delay(5);
  30   3                              AT24C02_WriteByte(1,Sec);
  31   3                              Delay(5);
  32   3                              AT24C02_WriteByte(2,MiniSec);
  33   3                              Delay(5);
  34   3                      }
  35   2                      if(KeyNum==4)
  36   2                      {
  37   3                              Min=AT24C02_ReadByte(0);
  38   3                              Sec=AT24C02_ReadByte(1);
  39   3                              MiniSec=AT24C02_ReadByte(2);
  40   3                      }
  41   2                      Nixie_SetBuf(1,Min/10);
  42   2                      Nixie_SetBuf(2,Min%10);
  43   2                      Nixie_SetBuf(3,17);
  44   2                      Nixie_SetBuf(4,Sec/10);
  45   2                      Nixie_SetBuf(5,Sec%10);
  46   2                      Nixie_SetBuf(6,17);
  47   2                      Nixie_SetBuf(7,MiniSec/10);
  48   2                      Nixie_SetBuf(8,MiniSec%10);
  49   2              }
  50   1      }
  51          
  52          void Sec_Loop()
  53          {
  54   1              if(RunFlag)
C51 COMPILER V9.54   MAIN                                                                  01/15/2023 21:43:12 PAGE 2   

  55   1              {
  56   2                      MiniSec++;
  57   2                      if(MiniSec>=100)
  58   2                      {
  59   3                              MiniSec=0;
  60   3                              Sec++;
  61   3                              if(Sec>=60)
  62   3                              {
  63   4                                      Sec=0;
  64   4                                      Min++;
  65   4                                      if(Min>=60)
  66   4                                      {
  67   5                                              Min=0;
  68   5                                      }
  69   4                              }
  70   3                      }
  71   2              }
  72   1      }
  73          
  74          void Timer0_Routine() interrupt 1//定时器0的中断函数
  75          {
  76   1              static unsigned int T0Count1,T0Count2,T0Count3;
  77   1              TH0=0xFC;//使计数单元回拨到1ms前，使其再次计数（反复1ms）
  78   1              TL0=0x18;
  79   1              T0Count1++;
  80   1              if(T0Count1>=20)
  81   1              {
  82   2                      T0Count1=0;
  83   2                      Key_Loop();
  84   2              }
  85   1              T0Count2++;
  86   1              if(T0Count2>=2)
  87   1              {
  88   2                      T0Count2=0;
  89   2                      Nixie_Loop();
  90   2              }
  91   1              T0Count3++;
  92   1              if(T0Count3>=10)
  93   1              {
  94   2                      T0Count3=0;
  95   2                      Sec_Loop();
  96   2              }
  97   1      }


MODULE INFORMATION:   STATIC OVERLAYABLE
   CODE SIZE        =    410    ----
   CONSTANT SIZE    =   ----    ----
   XDATA SIZE       =   ----    ----
   PDATA SIZE       =   ----    ----
   DATA SIZE        =     11    ----
   IDATA SIZE       =   ----    ----
   BIT SIZE         =   ----    ----
END OF MODULE INFORMATION.


C51 COMPILATION COMPLETE.  0 WARNING(S),  0 ERROR(S)
